0 c tests/tbisim.nim 16
0 c tests/tbiasthreading.nim 16
0 c tests/tbias.nim 17
0 c tests/tautolabels.nim 16
0 c tests/tbmc.nim 16
0 c tests/tbundles.nim 17
0 c tests/tcombine.nim 16
0 c tests/tchoice.nim 20
0 c tests/tconfigdefaults.nim 16
0 c tests/tcoveragemode.nim 16
0 c tests/tcovguided.nim 16
0 c tests/tcoverage.nim 16
0 c tests/tcovsourcetable.nim 16
0 c tests/tdatasource.nim 18
0 c tests/tdbbackends.nim 17
0 c tests/tdbcleanupsweep.nim 16
0 c tests/tdbcorpuslog.nim 16
0 c tests/tdb.nim 17
0 c tests/tdeadline.nim 16
0 c tests/tderive.nim 18
0 c tests/tdetect.nim 0
0 c tests/tdistribution.nim 0
0 c tests/tdisplay.nim 16
0 c tests/tdsl.nim 16
0 c tests/tengine_corpusreplay.nim 16
0 c tests/tengine_crashisolation.nim 16
0 c tests/tengine.nim 17
0 c tests/tentrypointwiring.nim 0
0 c tests/tevents.nim 17
0 c tests/texamples.nim 16
0 c tests/texplain.nim 16
0 c tests/tfrequency.nim 16
0 c tests/tfuzzbandit.nim 16
0 c tests/tfuzzbias.nim 17
0 c tests/tfuzzbootstrapbreaker.nim 19
0 c tests/tfuzzbytes.nim 17
0 c tests/tfuzzcampaignstats.nim 17
0 c tests/tfuzzcheckpointmgr.nim 0
0 c tests/tfuzzcheckpoint.nim 16
0 c tests/tfuzzcbuild.nim 16
0 c tests/tfuzzcmplog.nim 16
0 c tests/tfuzzcmplogprocess.nim 16
0 c tests/tfuzzcmplogshmleak.nim 16
0 c tests/tfuzzcmplogshm.nim 16
0 c tests/tfuzzconcolicbridge.nim 23
0 c tests/tfuzzconcolicassist.nim 27
0 c tests/tfuzzconcolicbridge_g6_affine.nim 26
0 c tests/tfuzzconcolicbridge_g6_predicated.nim 26
0 c tests/tfuzzconfigdefaults.nim 18
0 c tests/tfuzzconcolicbridge_real.nim 26
0 c tests/tfuzzcorpus_nilguard.nim 16
0 c tests/tfuzzcorpusstore.nim 0
0 c tests/tfuzzcovcorpus.nim 16
0 c tests/tfuzzcovdump.nim 0
0 c tests/tfuzzcovreset.nim 0
0 c tests/tfuzzcovshm.nim 0
0 c tests/tfuzzcrashinfo.nim 16
0 c tests/tfuzzcrashrecorder.nim 0
0 c tests/tfuzzconcolicdegrade.nim 26
0 c tests/tfuzzcull.nim 16
0 c tests/tfuzzcullpersist.nim 16
0 c tests/tfuzzdedup.nim 16
0 c tests/tfuzzdbfunnel.nim 16
0 c tests/tfuzzembedguard.nim 0
0 c tests/tfuzzdiff.nim 16
0 c tests/tfuzzdroppedseed.nim 16
0 c tests/tfuzzexec.nim 16
0 c tests/tfuzzexternalworker.nim 16
0 c tests/tfuzzexternal.nim 16
0 c tests/tfuzzforkworker.nim 16
0 c tests/tfuzzfrontier.nim 16
0 c tests/tfuzzhavoc.nim 16
0 c tests/tfuzzconcolicmismatch.nim 26
0 c tests/tfuzzi2s.nim 16
0 c tests/tfuzzir.nim 16
0 c tests/tfuzzinterop.nim 16
0 c tests/tfuzzloop.nim 16
0 c tests/tfuzzmacroreject.nim 16
0 c tests/tfuzzmacro.nim 16
0 c tests/tfuzzmincover.nim 16
0 c tests/tfuzzoperatorselector.nim 0
0 c tests/tfuzzoperatorbandit.nim 16
0 c tests/tfuzzorchestrator.nim 16
0 c tests/tfuzzpersist.nim 16
0 c tests/tfuzzpackaging.nim 17
0 c tests/tfuzzprimarymeta.nim 16
0 c tests/tfuzzprobe.nim 16
0 c tests/tfuzzprocessisolation.nim 16
0 c tests/tfuzzrefactordeterminism.nim 16
0 c tests/tfuzzrespawnstorm.nim 22
0 c tests/tfuzzreverify.nim 30
0 c tests/tfuzzmacro_astspike.nim 26
0 c tests/tfuzzschedule.nim 16
0 c tests/tfuzzsectionsize.nim 16
0 c tests/tfuzzseedcov.nim 16
0 c tests/tfuzzshmhold.nim 16
0 c tests/tfuzzstopcrash.nim 16
0 c tests/tfuzzwinjoblimits.nim 22
0 c tests/tfuzzsymexmarkers.nim 16
0 c tests/tfuzzwinshm.nim 16
0 c tests/tfuzzwinworker.nim 16
0 c tests/tfuzzworkerlifecycle.nim 16
0 c tests/tfuzzworker.nim 16
0 c tests/tfuzzworkerprocess.nim 16
0 c tests/tfuzzworkerproto.nim 16
0 c tests/tjsonschema.nim 16
0 c tests/tfuzzworkerspawnfailshm.nim 16
0 c tests/tlaws.nim 16
0 c tests/tlinearisable.nim 16
0 c tests/tlearnedstate.nim 16
0 c tests/tmetamorphic.nim 17
0 c tests/tmining.nim 16
0 c tests/tmutation.nim 16
0 c tests/tnested.nim 17
0 c tests/tparallelcheck.nim 17
0 c tests/tpipeline.nim 22
0 c tests/trefine.nim 17
0 c tests/treporter.nim 16
0 c tests/treservedlabel.nim 16
0 c tests/trequiresinit.nim 16
0 c tests/trng.nim 22
0 c tests/tserialize.nim 20
0 c tests/tn45probe.nim 19
0 c tests/tshrinkpass.nim 17
0 c tests/tshrinker.nim 17
0 c tests/tsmoke.nim 16
0 c tests/tstrategies.nim 19
0 c tests/tstateful.nim 17
0 c tests/tprobe_n45stats.nim 19
0 c tests/tstrategy.nim 18
0 c tests/tsymbolic.nim 16
0 c tests/tsymex_163audit_range_domain.nim 27
0 c tests/tsymex_161_overflow_obligation.nim 19
0 c tests/tsymex_162_range_base_width.nim 19
0 c tests/tsymex_163audit_range_elem.nim 20
0 c tests/tsymex_163audit_w10.nim 19
0 c tests/tsymex_163audit_w9.nim 19
0 c tests/tsymex_163audit_wave2.nim 35
0 c tests/tsymex_163_opaque_transparent.nim 19
0 c tests/tsymex_163rev_armfield_write.nim 19
0 c tests/tsymex_163rev_assign_rangedefect.nim 19
0 c tests/tsymex_163rev_assign_scope.nim 19
0 c tests/tsymex_163rev_assign_sites.nim 20
0 c tests/tsymex_163rev_concolic_diagnostics.nim 19
0 c tests/tsymex_163rev_concolic_flip_width.nim 19
0 c tests/tsymex_163rev_concolic_modes.nim 19
0 c tests/tsymex_163rev_disc_domain.nim 1
0 c tests/tsymex_163rev_degrade_classification.nim 19
0 c tests/tsymex_163rev_enum_domain.nim 43
0 c tests/tsymex_163rev_enum_field_witness.nim 31
0 c tests/tsymex_163rev_enum_ordinal.nim 34
0 c tests/tsymex_163rev_enum_positions.nim 51
0 c tests/tsymex_163rev_frontier_default.nim 19
0 c tests/tsymex_163rev_enum_valueshapes.nim 19
0 c tests/tsymex_163rev_inert_argfork.nim 19
0 c tests/tsymex_163rev_inert_exclusions.nim 19
0 c tests/tsymex_163rev_intoffset_range.nim 19
0 c tests/tsymex_163rev_int_literal_width.nim 19
0 c tests/tsymex_163rev_nested_clamp.nim 21
0 c tests/tsymex_163rev_parser_gaps.nim 19
0 c tests/tsymex_163rev_range_bounds.nim 19
0 c tests/tsymex_163rev_scan_counter_range.nim 19
0 c tests/tsymex_163rev_seqelem_promoted_int.nim 19
0 c tests/tsymex_163rev_table_elem.nim 19
0 c tests/tsymex_163rev_transparent_guard.nim 19
0 c tests/tsymex_163rev_transparent_result.nim 19
0 c tests/tsymex_163rev_variant_armfield.nim 19
0 c tests/tsymex_a2_refvariant_fields.nim 19
0 c tests/tsymex_a6_symlen_hof.nim 19
0 c tests/tsymex_a3_closure_iterators.nim 19
0 c tests/tsymex_a7_rune.nim 19
0 c tests/tsymex_a7_runes_iter.nim 19
0 c tests/tsymex_canonicalize.nim 1
0 c tests/tsymex_a8_radix.nim 19
0 c tests/tsymex_a9_casefold.nim 19
0 c tests/tsymex_augmented_assign.nim 19
0 c tests/tsymex_cr22_label_assert_coexist.nim 19
0 c tests/tsymex_CR2a_expr_catchall.nim 19
0 c tests/tsymex_CR2b_paramtype_catchall.nim 27
0 c tests/tsymex_configdefaults.nim 21
0 c tests/tsymex_CR2c_witnessreader_catchall.nim 59
0 c tests/tsymex_cr9c_intrep.nim 19
0 c tests/tsymex_discard_raise.nim 19
0 c tests/tsymex_funcdef_callee.nim 19
0 c tests/tsymex_g1a_mode.nim 19
0 c tests/tsymex_g1b_concolic.nim 19
0 c tests/tsymex_g6_algebra.nim 0
0 c tests/tsymex_g3fix_walkergap.nim 26
0 c tests/tsymex_g4_cmpwalk.nim 26
0 c tests/tsymex_g2_flip.nim 20
0 c tests/tsymex_h_stepA_nominalid.nim 0
0 c tests/tsymex_g6_transform_binding.nim 19
0 c tests/tsymex_h_containers.nim 27
0 c tests/tsymex_h_stepC_heapidentity.nim 19
0 c tests/tsymex_h_verification.nim 19
0 c tests/tsymex_h_witness.nim 20
0 c tests/tsymex_inv_structured_kinds.nim 19
0 c tests/tsymex_m6_probeproto_strproto.nim 19
0 c tests/tsymex_p1_tupleconstr_expr.nim 19
0 c tests/tsymex_p2a_objconstr_expr.nim 19
0 c tests/tsymex_p2b_refobjconstr_expr.nim 19
0 c tests/tsymex_phase11_fielddefect.nim 43
0 c tests/tsymex_phase12_notapplicable.nim 0
0 c tests/tsymex_phase11_walker.nim 69
0 c tests/tsymex_phase12_phase_closure.nim 1
0 c tests/tsymex_phase12_derandomize.nim 26
0 c tests/tsymex_phase12_forall.nim 26
0 c tests/tsymex_phase12_pipeline.nim 16
0 c tests/tsymex_phase12_scan.nim 0
0 c tests/tsymex_phase12_seedphase.nim 16
0 c tests/tsymex_phase12_sink.nim 0
0 c tests/tsymex_phase12_renderchoices.nim 19
0 c tests/tsymex_phase13_acceptunknown_guard.nim 19
0 c tests/tsymex_phase13_macro.nim 19
0 c tests/tsymex_phase12_sugar.nim 26
0 c tests/tsymex_phase12_witnesses.nim 22
0 c tests/tsymex_phase13_layer1_wire.nim 20
0 c tests/tsymex_phase13_satsuffix.nim 21
0 c tests/tsymex_phase13_unknown_roundtrip.nim 19
0 c tests/tsymex_phase13_unsat_roundtrip.nim 20
0 c tests/tsymex_phase14_b2_forcephases.nim 0
0 c tests/tsymex_phase13_verdict_primitives.nim 20
0 c tests/tsymex_phase13_rlimit.nim 19
0 c tests/tsymex_phase14_b5_replaymiss.nim 0
0 c tests/tsymex_phase14_b3_trace_equivalence.nim 19
0 c tests/tsymex_phase14_c2_dberrors.nim 0
0 c tests/tsymex_phase14_arm_field_zero_init.nim 24
0 c tests/tsymex_phase14_b67_label_filter.nim 26
0 c tests/tsymex_phase14_c1_fromcache.nim 19
0 c tests/tsymex_phase14_c4_z3error.nim 19
0 c tests/tsymex_phase14_multivariant_ir.nim 1
0 c tests/tsymex_phase14_disc_promotion.nim 27
0 c tests/tsymex_phase14_multivariant_typebridge.nim 0
0 c tests/tsymex_phase14_else_arms.nim 23
0 c tests/tsymex_phase14_frontier_pruning.nim 19
0 c tests/tsymex_phase14_strategy_digest.nim 16
0 c tests/tsymex_phase14_multivariant_walker.nim 43
0 c tests/tsymex_phase14_multivariant_witness.nim 43
0 c tests/tsymex_phase14_nonenum_disc.nim 23
0 c tests/tsymex_phase14_symbolic_disc_reassign.nim 24
0 c tests/tsymex_phase14_var_param.nim 19
0 c tests/tsymex_phase14_var_param_downstream.nim 26
0 c tests/tsymex_phase15_A1_arithmetic.nim 19
0 c tests/tsymex_phase15_A1_assertarg.nim 19
0 c tests/tsymex_phase15_A1_bitwise.nim 19
0 c tests/tsymex_phase15_A1_boolean.nim 19
0 c tests/tsymex_phase15_A1_callarg.nim 19
0 c tests/tsymex_phase15_A1_comparison.nim 19
0 c tests/tsymex_phase15_A1_loopguard.nim 19
0 c tests/tsymex_phase15_A1_unary.nim 19
0 c tests/tsymex_phase15_A2a_chokepoint_audit.nim 1
0 c tests/tsymex_phase15_A2a_atomicir_audit.nim 19
0 c tests/tsymex_phase15_A2a_atomize.nim 19
0 c tests/tsymex_phase15_A2a_guardcond_pin.nim 19
0 c tests/tsymex_phase15_A2b_bitwise.nim 19
0 c tests/tsymex_phase15_C1_ir.nim 19
0 c tests/tsymex_phase15_C1_canonical_kind.nim 19
0 c tests/tsymex_phase15_C2a_closure_capture.nim 0
0 c tests/tsymex_phase15_C2b_closure_call.nim 19
0 c tests/tsymex_phase15_C2_staticparams.nim 19
0 c tests/tsymex_phase15_C3_proc_as_value.nim 19
0 c tests/tsymex_phase15_CR10_regex_overflow.nim 0
0 c tests/tsymex_phase15_C4_hof.nim 19
0 c tests/tsymex_phase15_C5_closure_eq.nim 19
0 c tests/tsymex_phase15_C6_smoke.nim 20
0 c tests/tsymex_phase15_CR11_CR18_splitcap.nim 20
0 c tests/tsymex_phase15_CR14_exn_missing.nim 19
0 c tests/tsymex_phase15_CR2_cachekey.nim 1
0 c tests/tsymex_phase15_CR15_enum_ordinal.nim 19
0 c tests/tsymex_phase15_CR1_CR5_closure_heap.nim 19
0 c tests/tsymex_phase15_CR21_parseintraise_arg.nim 19
0 c tests/tsymex_phase15_CR3_CR4_CR6_float.nim 20
0 c tests/tsymex_phase15_cr9_lowerInExpr.nim 20
0 c tests/tsymex_phase15_E1_ir.nim 20
0 c tests/tsymex_phase15_E2a_cascade.nim 19
0 c tests/tsymex_phase15_E2b_raise.nim 21
0 c tests/tsymex_phase15_E3_try.nim 21
0 c tests/tsymex_phase15_E4a_userexn.nim 19
0 c tests/tsymex_phase15_E4_hierarchy.nim 19
0 c tests/tsymex_phase15_E5_finally.nim 21
0 c tests/tsymex_phase15_E6_defect.nim 20
0 c tests/tsymex_phase15_E7_smoke.nim 19
0 c tests/tsymex_phase15_E8_getcurrentexn.nim 19
0 c tests/tsymex_phase15_E_roundtrip.nim 19
0 c tests/tsymex_phase15_F1_typebridge.nim 19
0 c tests/tsymex_phase15_F2_float_literals.nim 19
0 c tests/tsymex_phase15_F3_float_arith.nim 19
0 c tests/tsymex_phase15_F4_float_compare.nim 19
0 c tests/tsymex_phase15_F5_float_conv.nim 19
0 c tests/tsymex_phase15_F5hang_derefwrite.nim 20
0 c tests/tsymex_phase15_F5_probeproto.nim 19
0 c tests/tsymex_phase15_F6_float_math.nim 19
0 c tests/tsymex_phase15_F7_float_extract.nim 19
0 c tests/tsymex_phase15_F8_smoke.nim 20
0 c tests/tsymex_phase15_F9a_array_float.nim 19
0 c tests/tsymex_phase15_F9b_seq_float.nim 19
0 c tests/tsymex_phase15_F9c_variant_float.nim 31
0 c tests/tsymex_phase15_fieldcontainer.nim 23
0 c tests/tsymex_phase15_g10_smoke.nim 20
0 c tests/tsymex_phase15_G1c_instcap.nim 20
0 c tests/tsymex_phase15_G1a_instkey.nim 19
0 c tests/tsymex_phase15_g3_type_subst.nim 19
0 c tests/tsymex_phase15_g4_distinct_sort.nim 19
0 c tests/tsymex_phase15_g5_distinct_borrow.nim 19
0 c tests/tsymex_phase15_g6_concept_constraint.nim 19
0 c tests/tsymex_phase15_H1_path_heap_fields.nim 0
0 c tests/tsymex_phase15_g7_static_param.nim 19
0 c tests/tsymex_phase15_g8_multi_param.nim 19
0 c tests/tsymex_phase15_l1_boundary.nim 19
0 c tests/tsymex_phase15_l2_untyped_template.nim 19
0 c tests/tsymex_phase15_l3_quote_do.nim 19
0 c tests/tsymex_phase15_M1_seq_fixedwidth.nim 19
0 c tests/tsymex_phase15_N2_kindgate_audit.nim 1
0 c tests/tsymex_phase15_M2_parsebiggestint.nim 19
0 c tests/tsymex_phase15_N1_resolution_gates.nim 26
0 c tests/tsymex_phase15_N0_kindgate_widen.nim 19
0 c tests/tsymex_phase15_N3_scan_boundary.nim 19
0 c tests/tsymex_phase15_r10_budget.nim 22
0 c tests/tsymex_phase15_r11_unsafecast.nim 19
0 c tests/tsymex_phase15_r11b_smoke.nim 20
0 c tests/tsymex_phase15_r12_bumps.nim 19
0 c tests/tsymex_phase15_r13_closure_ref.nim 19
0 c tests/tsymex_phase15_r13_ptr_finally.nim 19
0 c tests/tsymex_phase15_R1a_ir.nim 21
0 c tests/tsymex_phase15_r1b_callheap.nim 19
0 c tests/tsymex_phase15_r1_refsort.nim 19
0 c tests/tsymex_phase15_r2_new.nim 20
0 c tests/tsymex_phase15_r3_deref_read.nim 19
0 c tests/tsymex_phase15_r4_deref_write.nim 19
0 c tests/tsymex_phase15_r5_nil.nim 19
0 c tests/tsymex_phase15_r6_refobj.nim 19
0 c tests/tsymex_phase15_r7_alias_chain.nim 19
0 c tests/tsymex_phase15_r8b_varref.nim 19
0 c tests/tsymex_phase15_r8_ptr.nim 19
0 c tests/tsymex_phase15_r9_recursive.nim 22
0 c tests/tsymex_phase15_rereview_drains.nim 20
0 c tests/tsymex_phase15_S10a_strconv.nim 19
0 c tests/tsymex_phase15_S10b_strconv.nim 19
0 c tests/tsymex_phase15_S11_mutation.nim 19
0 c tests/tsymex_phase15_S1_typebridge.nim 19
0 c tests/tsymex_phase15_S2_strlit.nim 19
0 c tests/tsymex_phase15_S3_strindex.nim 19
0 c tests/tsymex_phase15_S6a_regex_parser.nim 0
0 c tests/tsymex_phase15_S4_strpred.nim 19
0 c tests/tsymex_phase15_S5_strops.nim 19
0 c tests/tsymex_phase15_S6b_regex.nim 19
0 c tests/tsymex_phase15_S7a_bytes.nim 19
0 c tests/tsymex_phase15_S7b_smoke.nim 20
0 c tests/tsymex_phase15_z0_carryover.nim 16
0 c tests/tsymex_phase15_S8_concat.nim 19
0 c tests/tsymex_phase15_z1_canary.nim 0
0 c tests/tsymex_phase15_z3_infra.nim 5
0 c tests/tsymex_phase15_S9_caseconv.nim 19
0 c tests/tsymex_phase15_z3c_classify.nim 19
0 c tests/tsymex_phase15_z4_walkctx.nim 19
0 c tests/tsymex_phase16_A5_float_classify.nim 20
0 c tests/tsymex_phase16_CR1a_bitwise_svint.nim 19
0 c tests/tsymex_phase16_CR1b_tail_local.nim 19
0 c tests/tsymex_phase16_CR1c_internal_fault.nim 19
0 c tests/tsymex_phase16_D1a_defect_routeraise.nim 19
0 c tests/tsymex_phase16_D1c_shortcircuit.nim 35
0 c tests/tsymex_phase16_R16_1_arithcheck_foundation.nim 3
0 c tests/tsymex_phase16_m3_rfind.nim 19
0 c tests/tsymex_phase16_m4_str_add_ampeq.nim 19
0 c tests/tsymex_phase16_m5_ifexpr_minmax.nim 19
0 c tests/tsymex_phase16_R16_2b_shortcircuit_conv.nim 19
0 c tests/tsymex_phase16_R16_2_rangedefect.nim 19
0 c tests/tsymex_phase16_R16_3_divzero.nim 19
0 c tests/tsymex_phase16_R16_4_overflow.nim 19
0 c tests/tsymex_phase16_R16_5_overflow_thru_closure.nim 19
0 c tests/tsymex_phase16_R16_6_diagnostics_channel.nim 19
0 c tests/tsymex_phase1_arith.nim 19
0 c tests/tsymex_phase1_dsl.nim 9
0 c tests/tsymex_phase1_assert.nim 19
0 c tests/tsymex_phase1_bool.nim 19
0 c tests/tsymex_phase1_let.nim 19
0 c tests/tsymex_phase2_abstraction.nim 21
0 c tests/tsymex_phase2_bv_arith.nim 19
0 c tests/tsymex_phase2_fallback.nim 21
0 c tests/tsymex_phase2_overflow.nim 23
0 c tests/tsymex_phase3_inline.nim 19
0 c tests/tsymex_phase3_mutual.nim 19
0 c tests/tsymex_phase3_stdlib.nim 19
0 c tests/tsymex_phase3_recursion.nim 19
0 c tests/tsymex_phase3_summarization.nim 20
0 c tests/tsymex_phase4_array.nim 19
0 c tests/tsymex_phase4_nested.nim 19
0 c tests/tsymex_phase5_models.nim 19
0 c tests/tsymex_phase4_oob.nim 19
0 c tests/tsymex_phase4_tuple.nim 19
0 c tests/tsymex_phase5_hashset.nim 19
0 c tests/tsymex_phase5_seq.nim 19
0 c tests/tsymex_phase5_table.nim 19
0 c tests/tsymex_phase6_break.nim 19
0 c tests/tsymex_phase6_case.nim 19
0 c tests/tsymex_phase6_for.nim 19
0 c tests/tsymex_phase6_while.nim 19
0 c tests/tsymex_r11_range_invariant_audit.nim 1
0 c tests/tsymex_phase7_assertcovered.nim 19
0 c tests/tsymex_q1_scanlift.nim 19
0 c tests/tsymex_q1_sibling_collision.nim 19
0 c tests/tsymex_r14_case2_degrade.nim 19
0 c tests/tsymex_r14_continue_guard.nim 20
0 c tests/tsymex_r1b_shortcircuit_oob.nim 20
0 c tests/tsymex_r1_draingap.nim 24
0 c tests/tsymex_r2_scanbound.nim 19
0 c tests/tsymex_r4_seq_slice.nim 19
0 c tests/tsymex_r4_slice_binding.nim 19
0 c tests/tsymex_r5_bv32_width.nim 19
0 c tests/tsymex_r5_const_fold.nim 19
0 c tests/tsymex_r5_discard.nim 19
0 c tests/tsymex_r5_neg_bool_conv.nim 21
0 c tests/tsymex_r5_tuple_return.nim 21
0 c tests/tsymex_r6_a0_lowhigh.nim 19
0 c tests/tsymex_r6_a1_variantlit.nim 19
0 c tests/tsymex_r6_a2_retbind_variant.nim 43
0 c tests/tsymex_r6_a3_variantconstruct_sym.nim 19
0 c tests/tsymex_r4_strip.nim 19
0 c tests/tsymex_r6_a4_construct_interactions.nim 25
0 c tests/tsymex_r6_a6_exported_field_names.nim 20
0 c tests/tsymex_r6_a6r_callwitness.nim 19
0 c tests/tsymex_r6_b0_scanlift_bound.nim 19
0 c tests/tsymex_r6_b1_stringbacked.nim 19
0 c tests/tsymex_r6_b2_intwidth.nim 19
0 c tests/tsymex_r6_b3_scanpair.nim 19
0 c tests/tsymex_r6_b4_readcstring.nim 19
0 c tests/tsymex_r6_b5_chained.nim 20
0 c tests/tsymex_r6_b7r_bytescan.nim 19
0 c tests/tsymex_r6_bug2_scopeddecline.nim 31
0 c tests/tsymex_r6_degrade_pairing_audit.nim 1
0 c tests/tsymex_r6_b7r2_pathscope.nim 19
0 c tests/tsymex_r6_d2_recursive_budget.nim 20
0 c tests/tsymex_r6_heap_raise_totality.nim 19
0 c tests/tsymex_r6_lows_blockparse.nim 32
0 c tests/tsymex_r6_itesv_mergedegrade.nim 27
0 c tests/tsymex_r6_lows_collectors.nim 19
0 c tests/tsymex_r6_lows_declines.nim 45
0 c tests/tsymex_r6_n10_coverage_matrix.nim 19
0 c tests/tsymex_r6_b6_optionregion.nim 19
0 c tests/tsymex_r6_n13_reassign_seqarm.nim 45
0 c tests/tsymex_r6_n16_closure_zerodefault.nim 19
0 c tests/tsymex_r6_n20_boundedloop.nim 19
0 c tests/tsymex_r6_n14_seqops.nim 32
0 c tests/tsymex_r6_n27_placeholder_read_audit.nim 1
0 c tests/tsymex_r6_n21_pairloop_member.nim 19
0 c tests/tsymex_r6_n28_shadow_collision.nim 19
0 c tests/tsymex_r6_n27_hof_placeholder.nim 23
0 c tests/tsymex_r6_n36_raise_class_audit.nim 1
0 c tests/tsymex_r6_n29_seqlit_sortmismatch.nim 19
0 c tests/tsymex_r6_n31_block_counter.nim 19
0 c tests/tsymex_r6_n39_variant_field_alloc.nim 19
0 c tests/tsymex_r6_n37_raise_residue.nim 19
0 c tests/tsymex_r6_n36_raise_degrade.nim 29
0 c tests/tsymex_r6_n40_alloc_totality.nim 23
0 c tests/tsymex_r6_n49_dottedfield_mutation.nim 23
0 c tests/tsymex_r6_n42_deref_taint.nim 19
0 c tests/tsymex_r6_n43_parity.nim 27
0 c tests/tsymex_r6_n9_variant_budget.nim 19
0 c tests/tsymex_r6_nulwitness.nim 19
0 c tests/tsymex_r6_r1_placeholder_totality.nim 31
0 c tests/tsymex_r6_r2_zerodefault_result.nim 19
0 c tests/tsymex_r6_r3_svint_overflow.nim 19
0 c tests/tsymex_r6_r6_emit_roundtrip.nim 9
0 c tests/tsymex_r6_r4_collector_scoping.nim 19
0 c tests/tsymex_r6_r5_pairloop_counter.nim 19
0 c tests/tsymex_r7_caseexpr.nim 19
0 c tests/tsymex_r8_omitted_field_degrade.nim 19
0 c tests/tsymex_rectify_abstraction.nim 21
0 c tests/tsymex_rectify_cardinality.nim 19
0 c tests/tsymex_rectify_effects.nim 19
0 c tests/tsymex_rectify_generics.nim 19
0 c tests/tsymex_rectify_nested_arrays.nim 19
0 c tests/tsymex_rectify_mutation.nim 19
0 c tests/tsymex_rectify_refs.nim 19
0 c tests/tsymex_rectify_variants.nim 27
0 c tests/tsymex_retest_c11_stack.nim 19
0 c tests/tsymex_retest_c3_bitwise_guard.nim 19
0 c tests/tsymex_retest_c5b_unknown_errors.nim 19
0 c tests/tsymex_retest_c6_tuple_chain.nim 19
0 c tests/tsymex_retest_defect_net.nim 19
0 c tests/tsymex_retest_char_needle.nim 19
0 c tests/tsymex_retest_infix_degrade.nim 19
0 c tests/tsymex_retest_pred_succ.nim 19
0 c tests/tsymex_rfc0005_s0_exhibit.nim 19
0 c tests/tsymex_rfc0005_s10_replay_verdict.nim 26
0 c tests/tsymex_rfc0005_s1b_kinds.nim 20
0 c tests/tsymex_rfc0005_s11_surface.nim 26
0 c tests/tsymex_rfc0005_s1_lattice.nim 2
0 c tests/tsymex_rfc0005_s1c_verdict.nim 19
0 c tests/tsymex_rfc0005_s2_replay.nim 19
0 c tests/tsymex_rfc0005_s3_monotonicity.nim 19
0 c tests/tsymex_rfc0005_s4_alloc.nim 19
0 c tests/tsymex_rfc0005_s6a_budget.nim 22
0 c tests/tsymex_rfc0005_s6b_ops.nim 19
0 c tests/tsymex_rfc0005_s5_str.nim 19
0 c tests/tsymex_rfc0005_s7_closure.nim 19
0 c tests/tsymex_rfc0005_s8aa_remainder.nim 21
0 c tests/tsymex_rfc0005_s8ac_remainder.nim 19
0 c tests/tsymex_rfc0005_s8ad_remainder.nim 19
0 c tests/tsymex_rfc0005_s8ab_letaudit.nim 20
0 c tests/tsymex_rfc0005_s8ag_indexsplit.nim 20
0 c tests/tsymex_rfc0005_s8aj_remainder.nim 19
0 c tests/tsymex_rfc0005_s8am_remainder.nim 38
0 c tests/tsymex_rfc0005_s8ae_remainder.nim 19
0 c tests/tsymex_rfc0005_s8ai_semantic.nim 19
0 c tests/tsymex_rfc0005_s8ao_remainder.nim 19
0 c tests/tsymex_rfc0005_s8an_remainder.nim 19
0 c tests/tsymex_rfc0005_s8aq_remainder.nim 19
0 c tests/tsymex_rfc0005_s8ap_remainder.nim 26
0 c tests/tsymex_rfc0005_s8as_remainder.nim 19
0 c tests/tsymex_rfc0005_s8ar_remainder.nim 27
0 c tests/tsymex_rfc0005_s8av_remainder.nim 26
0 c tests/tsymex_rfc0005_s8au_remainder.nim 19
0 c tests/tsymex_rfc0005_s8at_remainder.nim 32
0 c tests/tsymex_rfc0005_s8aw_remainder.nim 19
0 c tests/tsymex_rfc0005_s8az_remainder.nim 26
0 c tests/tsymex_rfc0005_s8ay_remainder.nim 19
0 c tests/tsymex_rfc0005_s8ax_remainder.nim 19
0 c tests/tsymex_rfc0005_s8ba_remainder.nim 19
0 c tests/tsymex_rfc0005_s8bb_capvalues_lf.nim 0
0 c tests/tsymex_rfc0005_s8bb_capvalues.nim 0
0 c tests/tsymex_rfc0005_s8bb_capvalues_plus.nim 0
0 c tests/tsymex_rfc0005_s8bb_captures.nim 19
0 c tests/tsymex_rfc0005_s8bb_exhaustive.nim 0
0 c tests/tsymex_rfc0005_s8bb_constructs.nim 0
0 c tests/tsymex_rfc0005_s8bb_remainder.nim 19
0 c tests/tsymex_rfc0005_s8bb_replace.nim 19
0 c tests/tsymex_rfc0005_s8bb_selection.nim 0
0 c tests/tsymex_rfc0005_s8bd_remainder.nim 19
0 c tests/tsymex_rfc0005_s8be_remainder.nim 19
0 c tests/tsymex_rfc0005_s8bf_alias.nim 23
0 c tests/tsymex_rfc0005_s8bc_remainder.nim 29
0 c tests/tsymex_rfc0005_s8bg_remainder.nim 19
0 c tests/tsymex_rfc0005_s8bj_entries_multiline.nim 0
0 c tests/tsymex_rfc0005_s8bi_remainder.nim 19
0 c tests/tsymex_rfc0005_s8bj_entries.nim 0
0 c tests/tsymex_rfc0005_s8bh_remainder.nim 35
0 c tests/tsymex_rfc0005_s8bj_entries_utf_b.nim 0
0 c tests/tsymex_rfc0005_s8bj_entries_utf_c.nim 0
0 c tests/tsymex_rfc0005_s8bj_langs_b.nim 0
0 c tests/tsymex_rfc0005_s8bj_entries_utf.nim 0
0 c tests/tsymex_rfc0005_s8bj_langs.nim 0
0 c tests/tsymex_rfc0005_s8bj_startopt.nim 0
0 c tests/tsymex_rfc0005_s8bj_replace.nim 0
0 c tests/tsymex_rfc0005_s8bj_syntax.nim 0
0 c tests/tsymex_rfc0005_s8bj_verbs.nim 0
0 c tests/tsymex_rfc0005_s8bj_replace_lemmas.nim 19
0 c tests/tsymex_rfc0005_s8bj_walker.nim 19
0 c tests/tsymex_rfc0005_s8bm_stability.nim 19
0 c tests/tsymex_rfc0005_s8bk_argtiming.nim 19
0 c tests/tsymex_rfc0005_s8b_substitutions.nim 19
0 c tests/tsymex_rfc0005_s8d_typeheads.nim 47
0 c tests/tsymex_rfc0005_s8c_resolution.nim 23
0 c tests/tsymex_rfc0005_s8e_scoping.nim 50
0 c tests/tsymex_rfc0005_s8f_witness.nim 59
0 c tests/tsymex_rfc0005_s8g_models.nim 36
0 c tests/tsymex_rfc0005_s8h_refwitness.nim 26
0 c tests/tsymex_rfc0005_s8i_models.nim 29
0 c tests/tsymex_rfc0005_s8j_exits.nim 27
0 c tests/tsymex_rfc0005_s8k_bounds.nim 26
0 c tests/tsymex_rfc0005_s8l_exits.nim 36
0 c tests/tsymex_rfc0005_s8m_exits.nim 26
0 c tests/tsymex_rfc0005_s8n_precision.nim 26
0 c tests/tsymex_rfc0005_s8o_termination.nim 19
0 c tests/tsymex_rfc0005_s8r_theoryfree.nim 19
0 c tests/tsymex_rfc0005_s8q_termination.nim 19
0 c tests/tsymex_rfc0005_s8p_precision.nim 38
0 c tests/tsymex_rfc0005_s8_scope.nim 19
0 c tests/tsymex_rfc0005_s8t_termination.nim 19
0 c tests/tsymex_rfc0005_s8u_precision.nim 50
0 c tests/tsymex_rfc0005_s8s_precision.nim 90
0 c tests/tsymex_rfc0005_s8x_vm_alias.nim 6
0 c tests/tsymex_rfc0005_s8v_termination.nim 19
0 c tests/tsymex_rfc0005_s8w2_hotfix.nim 19
0 c tests/tsymex_rfc0005_s8y_budget_decline.nim 19
0 c tests/tsymex_rfc0005_s8w_remainder.nim 19
0 c tests/tsymex_rfc0005_s9_vetoes.nim 26
0 c tests/tsymex_rfc0005_s8z_remainder.nim 30
0 c tests/tsymex_snd1b_closure_uncertain_axiom.nim 19
0 c tests/tsymex_snd1_uncertain_taint.nim 19
0 c tests/tsymex_snd2_assume.nim 21
0 c tests/tsymex_snd3_6_equality_loop.nim 19
0 c tests/tsymex_typebridge_variants.nim 0
0 c tests/tsymex_snd4_strindex_oob.nim 19
0 c tests/tsymex_snd3_loopdegrade.nim 19
0 c tests/tvariantbind.nim 16
0 c tests/twiderange.nim 16
0 c tests/tsymex_tot1_totality_corpus.nim 39
0 c tests/tz3free_probe.nim 16
0 c tests/ttarget.nim 17
0 c tests/tsymex_uninit_var.nim 19
